
Attaching package: ‘igraph’

The following objects are masked from ‘package:stats’:

    decompose, spectrum

The following object is masked from ‘package:base’:

    union


Attaching package: ‘dplyr’

The following objects are masked from ‘package:igraph’:

    as_data_frame, groups, union

The following objects are masked from ‘package:stats’:

    filter, lag

The following objects are masked from ‘package:base’:

    intersect, setdiff, setequal, union


Attaching package: ‘ggplot2’

The following object is masked from ‘package:ggClusterNet’:

    alpha

Thank you for using tidyfst!
To acknowledge our work, please cite the package:
Huang et al., (2020). tidyfst: Tidy Verbs for Fast Data Manipulation. Journal of Open Source Software, 5(52), 2388, https://doi.org/10.21105/joss.02388

Attaching package: ‘tidyfst’

The following objects are masked from ‘package:dplyr’:

    between, cummean, nth

Warning message:
`hub_score()` was deprecated in igraph 2.0.3.
ℹ Please use `hits_scores()` instead. 
